// Jest Snapshot v1, https://goo.gl/fbAQLP

exports[`<FormProfile /> should render the form profile 1`] = `
.c0 {
  color: #030517;
  position: relative;
  margin-bottom: 3.2rem;
  font-size: 2.0rem;
}

.c0::after {
  position: absolute;
  left: 0;
  bottom: -0.5rem;
  content: '';
  width: 5rem;
  border-bottom: 0.5rem solid #F231A5;
}

@media (min-width:768px) {
  .c0 {
    font-size: 2.8rem;
  }
}

@media (min-width:768px) {

}

<h2
  class="c0"
  color="black"
>
  My Profile
</h2>
`;
